// Jest Snapshot v1, https://goo.gl/fbAQLP

exports[`ComponentPage blank renders correctly 1`] = `
<div>
  ComponentPage
  []
  <div>
    Grid of loaders
  </div>
</div>
`;
